D:\ZLIB-1.2.8\CONTRIB\VSTUDIO\VC11\X64\ZLIBSTATDEBUG\TMP\ZUTIL.OBJ
D:\ZLIB-1.2.8\CONTRIB\VSTUDIO\VC11\X64\ZLIBSTATDEBUG\TMP\ZIP.OBJ
D:\ZLIB-1.2.8\CONTRIB\VSTUDIO\VC11\X64\ZLIBSTATDEBUG\TMP\UNZIP.OBJ
D:\ZLIB-1.2.8\CONTRIB\VSTUDIO\VC11\X64\ZLIBSTATDEBUG\TMP\UNCOMPR.OBJ
D:\ZLIB-1.2.8\CONTRIB\VSTUDIO\VC11\X64\ZLIBSTATDEBUG\TMP\TREES.OBJ
D:\ZLIB-1.2.8\CONTRIB\VSTUDIO\VC11\X64\ZLIBSTATDEBUG\TMP\IOAPI.OBJ
D:\ZLIB-1.2.8\CONTRIB\VSTUDIO\VC11\X64\ZLIBSTATDEBUG\TMP\INFTREES.OBJ
D:\ZLIB-1.2.8\CONTRIB\VSTUDIO\VC11\X64\ZLIBSTATDEBUG\TMP\INFLATE.OBJ
D:\ZLIB-1.2.8\CONTRIB\VSTUDIO\VC11\X64\ZLIBSTATDEBUG\TMP\INFFAST.OBJ
D:\ZLIB-1.2.8\CONTRIB\VSTUDIO\VC11\X64\ZLIBSTATDEBUG\TMP\INFFAS8664.OBJ
D:\ZLIB-1.2.8\CONTRIB\VSTUDIO\VC11\X64\ZLIBSTATDEBUG\TMP\INFBACK.OBJ
D:\ZLIB-1.2.8\CONTRIB\VSTUDIO\VC11\X64\ZLIBSTATDEBUG\TMP\GZWRITE.OBJ
D:\ZLIB-1.2.8\CONTRIB\VSTUDIO\VC11\X64\ZLIBSTATDEBUG\TMP\GZREAD.OBJ
D:\ZLIB-1.2.8\CONTRIB\VSTUDIO\VC11\X64\ZLIBSTATDEBUG\TMP\GZLIB.OBJ
D:\ZLIB-1.2.8\CONTRIB\VSTUDIO\VC11\X64\ZLIBSTATDEBUG\TMP\GZCLOSE.OBJ
D:\ZLIB-1.2.8\CONTRIB\VSTUDIO\VC11\X64\ZLIBSTATDEBUG\TMP\DEFLATE.OBJ
D:\ZLIB-1.2.8\CONTRIB\VSTUDIO\VC11\X64\ZLIBSTATDEBUG\TMP\CRC32.OBJ
D:\ZLIB-1.2.8\CONTRIB\VSTUDIO\VC11\X64\ZLIBSTATDEBUG\TMP\COMPRESS.OBJ
D:\ZLIB-1.2.8\CONTRIB\VSTUDIO\VC11\X64\ZLIBSTATDEBUG\TMP\ADLER32.OBJ
D:\ZLIB-1.2.8\CONTRIB\VSTUDIO\VC11\X64\ZLIBSTATDEBUG\ZLIBSTAT.LIB
D:\ZLIB-1.2.8\CONTRIB\VSTUDIO\VC11\X64\ZLIBSTATDEBUG\TMP\ZLIB.RES
D:\zlib-1.2.8\contrib\vstudio\vc11\x64\ZlibStatDebug\Tmp\adler32.obj
D:\zlib-1.2.8\contrib\vstudio\vc11\x64\ZlibStatDebug\Tmp\compress.obj
D:\zlib-1.2.8\contrib\vstudio\vc11\x64\ZlibStatDebug\Tmp\crc32.obj
D:\zlib-1.2.8\contrib\vstudio\vc11\x64\ZlibStatDebug\Tmp\deflate.obj
D:\zlib-1.2.8\contrib\vstudio\vc11\x64\ZlibStatDebug\Tmp\gzclose.obj
D:\zlib-1.2.8\contrib\vstudio\vc11\x64\ZlibStatDebug\Tmp\gzlib.obj
D:\zlib-1.2.8\contrib\vstudio\vc11\x64\ZlibStatDebug\Tmp\gzread.obj
D:\zlib-1.2.8\contrib\vstudio\vc11\x64\ZlibStatDebug\Tmp\gzwrite.obj
D:\zlib-1.2.8\contrib\vstudio\vc11\x64\ZlibStatDebug\Tmp\infback.obj
D:\zlib-1.2.8\contrib\vstudio\vc11\x64\ZlibStatDebug\Tmp\inffas8664.obj
D:\zlib-1.2.8\contrib\vstudio\vc11\x64\ZlibStatDebug\Tmp\inffast.obj
D:\zlib-1.2.8\contrib\vstudio\vc11\x64\ZlibStatDebug\Tmp\inflate.obj
D:\zlib-1.2.8\contrib\vstudio\vc11\x64\ZlibStatDebug\Tmp\inftrees.obj
D:\zlib-1.2.8\contrib\vstudio\vc11\x64\ZlibStatDebug\Tmp\ioapi.obj
D:\zlib-1.2.8\contrib\vstudio\vc11\x64\ZlibStatDebug\Tmp\trees.obj
D:\zlib-1.2.8\contrib\vstudio\vc11\x64\ZlibStatDebug\Tmp\uncompr.obj
D:\zlib-1.2.8\contrib\vstudio\vc11\x64\ZlibStatDebug\Tmp\unzip.obj
D:\zlib-1.2.8\contrib\vstudio\vc11\x64\ZlibStatDebug\Tmp\zip.obj
D:\zlib-1.2.8\contrib\vstudio\vc11\x64\ZlibStatDebug\Tmp\zutil.obj
D:\zlib-1.2.8\contrib\vstudio\vc11\x64\ZlibStatDebug\Tmp\cl.command.1.tlog
D:\zlib-1.2.8\contrib\vstudio\vc11\x64\ZlibStatDebug\Tmp\CL.read.1.tlog
D:\zlib-1.2.8\contrib\vstudio\vc11\x64\ZlibStatDebug\Tmp\CL.write.1.tlog
D:\zlib-1.2.8\contrib\vstudio\vc11\x64\ZlibStatDebug\Tmp\Lib-link-cvtres.read.1.tlog
D:\zlib-1.2.8\contrib\vstudio\vc11\x64\ZlibStatDebug\Tmp\Lib-link-cvtres.write.1.tlog
D:\zlib-1.2.8\contrib\vstudio\vc11\x64\ZlibStatDebug\Tmp\Lib-link.read.1.tlog
D:\zlib-1.2.8\contrib\vstudio\vc11\x64\ZlibStatDebug\Tmp\Lib-link.write.1.tlog
D:\zlib-1.2.8\contrib\vstudio\vc11\x64\ZlibStatDebug\Tmp\lib.command.1.tlog
D:\zlib-1.2.8\contrib\vstudio\vc11\x64\ZlibStatDebug\Tmp\rc.command.1.tlog
D:\zlib-1.2.8\contrib\vstudio\vc11\x64\ZlibStatDebug\Tmp\rc.read.1.tlog
D:\zlib-1.2.8\contrib\vstudio\vc11\x64\ZlibStatDebug\Tmp\rc.write.1.tlog
D:\zlib-1.2.8\contrib\vstudio\vc11\x64\ZlibStatDebug\Tmp\zlib.res
D:\zlib-1.2.8\contrib\vstudio\vc11\x64\ZlibStatDebug\zlibstat.lib
