D:\ZLIB-1.2.8\CONTRIB\VSTUDIO\VC11\X64\ZLIBSTATRELEASE\TMP\ZUTIL.OBJ
D:\ZLIB-1.2.8\CONTRIB\VSTUDIO\VC11\X64\ZLIBSTATRELEASE\TMP\ZIP.OBJ
D:\ZLIB-1.2.8\CONTRIB\VSTUDIO\VC11\X64\ZLIBSTATRELEASE\TMP\UNZIP.OBJ
D:\ZLIB-1.2.8\CONTRIB\VSTUDIO\VC11\X64\ZLIBSTATRELEASE\TMP\UNCOMPR.OBJ
D:\ZLIB-1.2.8\CONTRIB\VSTUDIO\VC11\X64\ZLIBSTATRELEASE\TMP\TREES.OBJ
D:\ZLIB-1.2.8\CONTRIB\VSTUDIO\VC11\X64\ZLIBSTATRELEASE\TMP\IOAPI.OBJ
D:\ZLIB-1.2.8\CONTRIB\VSTUDIO\VC11\X64\ZLIBSTATRELEASE\TMP\INFTREES.OBJ
D:\ZLIB-1.2.8\CONTRIB\VSTUDIO\VC11\X64\ZLIBSTATRELEASE\TMP\INFLATE.OBJ
D:\ZLIB-1.2.8\CONTRIB\VSTUDIO\VC11\X64\ZLIBSTATRELEASE\TMP\INFFAST.OBJ
D:\ZLIB-1.2.8\CONTRIB\VSTUDIO\VC11\X64\ZLIBSTATRELEASE\TMP\INFFAS8664.OBJ
D:\ZLIB-1.2.8\CONTRIB\VSTUDIO\VC11\X64\ZLIBSTATRELEASE\TMP\INFBACK.OBJ
D:\ZLIB-1.2.8\CONTRIB\VSTUDIO\VC11\X64\ZLIBSTATRELEASE\TMP\GZWRITE.OBJ
D:\ZLIB-1.2.8\CONTRIB\VSTUDIO\VC11\X64\ZLIBSTATRELEASE\TMP\GZREAD.OBJ
D:\ZLIB-1.2.8\CONTRIB\VSTUDIO\VC11\X64\ZLIBSTATRELEASE\TMP\GZLIB.OBJ
D:\ZLIB-1.2.8\CONTRIB\VSTUDIO\VC11\X64\ZLIBSTATRELEASE\TMP\GZCLOSE.OBJ
D:\ZLIB-1.2.8\CONTRIB\VSTUDIO\VC11\X64\ZLIBSTATRELEASE\TMP\DEFLATE.OBJ
D:\ZLIB-1.2.8\CONTRIB\VSTUDIO\VC11\X64\ZLIBSTATRELEASE\TMP\CRC32.OBJ
D:\ZLIB-1.2.8\CONTRIB\VSTUDIO\VC11\X64\ZLIBSTATRELEASE\TMP\COMPRESS.OBJ
D:\ZLIB-1.2.8\CONTRIB\VSTUDIO\VC11\X64\ZLIBSTATRELEASE\TMP\ADLER32.OBJ
D:\ZLIB-1.2.8\CONTRIB\VSTUDIO\VC11\X64\ZLIBSTATRELEASE\VC110.PDB
D:\ZLIB-1.2.8\CONTRIB\VSTUDIO\VC11\X64\ZLIBSTATRELEASE\ZLIBSTAT.LIB
D:\ZLIB-1.2.8\CONTRIB\VSTUDIO\VC11\X64\ZLIBSTATRELEASE\TMP\ZLIB.RES
D:\zlib-1.2.8\contrib\vstudio\vc11\x64\ZlibStatRelease\Tmp\adler32.obj
D:\zlib-1.2.8\contrib\vstudio\vc11\x64\ZlibStatRelease\Tmp\compress.obj
D:\zlib-1.2.8\contrib\vstudio\vc11\x64\ZlibStatRelease\Tmp\crc32.obj
D:\zlib-1.2.8\contrib\vstudio\vc11\x64\ZlibStatRelease\Tmp\deflate.obj
D:\zlib-1.2.8\contrib\vstudio\vc11\x64\ZlibStatRelease\Tmp\gzclose.obj
D:\zlib-1.2.8\contrib\vstudio\vc11\x64\ZlibStatRelease\Tmp\gzlib.obj
D:\zlib-1.2.8\contrib\vstudio\vc11\x64\ZlibStatRelease\Tmp\gzread.obj
D:\zlib-1.2.8\contrib\vstudio\vc11\x64\ZlibStatRelease\Tmp\gzwrite.obj
D:\zlib-1.2.8\contrib\vstudio\vc11\x64\ZlibStatRelease\Tmp\infback.obj
D:\zlib-1.2.8\contrib\vstudio\vc11\x64\ZlibStatRelease\Tmp\inffas8664.obj
D:\zlib-1.2.8\contrib\vstudio\vc11\x64\ZlibStatRelease\Tmp\inffast.obj
D:\zlib-1.2.8\contrib\vstudio\vc11\x64\ZlibStatRelease\Tmp\inflate.obj
D:\zlib-1.2.8\contrib\vstudio\vc11\x64\ZlibStatRelease\Tmp\inftrees.obj
D:\zlib-1.2.8\contrib\vstudio\vc11\x64\ZlibStatRelease\Tmp\ioapi.obj
D:\zlib-1.2.8\contrib\vstudio\vc11\x64\ZlibStatRelease\Tmp\trees.obj
D:\zlib-1.2.8\contrib\vstudio\vc11\x64\ZlibStatRelease\Tmp\uncompr.obj
D:\zlib-1.2.8\contrib\vstudio\vc11\x64\ZlibStatRelease\Tmp\unzip.obj
D:\zlib-1.2.8\contrib\vstudio\vc11\x64\ZlibStatRelease\Tmp\zip.obj
D:\zlib-1.2.8\contrib\vstudio\vc11\x64\ZlibStatRelease\Tmp\zutil.obj
D:\zlib-1.2.8\contrib\vstudio\vc11\x64\ZlibStatRelease\Tmp\cl.command.1.tlog
D:\zlib-1.2.8\contrib\vstudio\vc11\x64\ZlibStatRelease\Tmp\CL.read.1.tlog
D:\zlib-1.2.8\contrib\vstudio\vc11\x64\ZlibStatRelease\Tmp\CL.write.1.tlog
D:\zlib-1.2.8\contrib\vstudio\vc11\x64\ZlibStatRelease\Tmp\Lib-link-cvtres.read.1.tlog
D:\zlib-1.2.8\contrib\vstudio\vc11\x64\ZlibStatRelease\Tmp\Lib-link-cvtres.write.1.tlog
D:\zlib-1.2.8\contrib\vstudio\vc11\x64\ZlibStatRelease\Tmp\Lib-link.read.1.tlog
D:\zlib-1.2.8\contrib\vstudio\vc11\x64\ZlibStatRelease\Tmp\Lib-link.write.1.tlog
D:\zlib-1.2.8\contrib\vstudio\vc11\x64\ZlibStatRelease\Tmp\lib.command.1.tlog
D:\zlib-1.2.8\contrib\vstudio\vc11\x64\ZlibStatRelease\Tmp\rc.command.1.tlog
D:\zlib-1.2.8\contrib\vstudio\vc11\x64\ZlibStatRelease\Tmp\rc.read.1.tlog
D:\zlib-1.2.8\contrib\vstudio\vc11\x64\ZlibStatRelease\Tmp\rc.write.1.tlog
D:\zlib-1.2.8\contrib\vstudio\vc11\x64\ZlibStatRelease\Tmp\zlib.res
D:\zlib-1.2.8\contrib\vstudio\vc11\x64\ZlibStatRelease\zlibstat.lib
